[1/67] Building CXX object CMakeFiles/domain_model.dir/domain/menu/Recipe.cpp.obj
FAILED: CMakeFiles/domain_model.dir/domain/menu/Recipe.cpp.obj 
C:\Qt\Tools\mingw1310_64\bin\g++.exe  -IC:/Users/boyko/Documents/ProfitAgent -g -std=gnu++17 -MD -MT CMakeFiles/domain_model.dir/domain/menu/Recipe.cpp.obj -MF CMakeFiles\domain_model.dir\domain\menu\Recipe.cpp.obj.d -o CMakeFiles/domain_model.dir/domain/menu/Recipe.cpp.obj -c C:/Users/boyko/Documents/ProfitAgent/domain/menu/Recipe.cpp
[2/67] Building CXX object CMakeFiles/application_services.dir/application/services/OrderService.cpp.obj
FAILED: CMakeFiles/application_services.dir/application/services/OrderService.cpp.obj 
C:\Qt\Tools\mingw1310_64\bin\g++.exe -DMINGW_HAS_SECURE_API=1 -DQT_CORE_LIB -DQT_SQL_LIB -DUNICODE -DWIN32 -DWIN64 -D_ENABLE_EXTENDED_ALIGNED_STORAGE -D_UNICODE -D_WIN64 -IC:/Users/boyko/Documents/ProfitAgent -isystem C:/Qt/6.9.2/mingw_64/include/QtCore -isystem C:/Qt/6.9.2/mingw_64/include -isystem C:/Qt/6.9.2/mingw_64/mkspecs/win32-g++ -isystem C:/Qt/6.9.2/mingw_64/include/QtSql -g -std=gnu++17 -MD -MT CMakeFiles/application_services.dir/application/services/OrderService.cpp.obj -MF CMakeFiles\application_services.dir\application\services\OrderService.cpp.obj.d -o CMakeFiles/application_services.dir/application/services/OrderService.cpp.obj -c C:/Users/boyko/Documents/ProfitAgent/application/services/OrderService.cpp
[3/67] Building CXX object CMakeFiles/application_services.dir/application/services/MenuService.cpp.obj
FAILED: CMakeFiles/application_services.dir/application/services/MenuService.cpp.obj 
C:\Qt\Tools\mingw1310_64\bin\g++.exe -DMINGW_HAS_SECURE_API=1 -DQT_CORE_LIB -DQT_SQL_LIB -DUNICODE -DWIN32 -DWIN64 -D_ENABLE_EXTENDED_ALIGNED_STORAGE -D_UNICODE -D_WIN64 -IC:/Users/boyko/Documents/ProfitAgent -isystem C:/Qt/6.9.2/mingw_64/include/QtCore -isystem C:/Qt/6.9.2/mingw_64/include -isystem C:/Qt/6.9.2/mingw_64/mkspecs/win32-g++ -isystem C:/Qt/6.9.2/mingw_64/include/QtSql -g -std=gnu++17 -MD -MT CMakeFiles/application_services.dir/application/services/MenuService.cpp.obj -MF CMakeFiles\application_services.dir\application\services\MenuService.cpp.obj.d -o CMakeFiles/application_services.dir/application/services/MenuService.cpp.obj -c C:/Users/boyko/Documents/ProfitAgent/application/services/MenuService.cpp
[4/67] Building CXX object CMakeFiles/application_services.dir/application/services/ShiftService.cpp.obj
FAILED: CMakeFiles/application_services.dir/application/services/ShiftService.cpp.obj 
C:\Qt\Tools\mingw1310_64\bin\g++.exe -DMINGW_HAS_SECURE_API=1 -DQT_CORE_LIB -DQT_SQL_LIB -DUNICODE -DWIN32 -DWIN64 -D_ENABLE_EXTENDED_ALIGNED_STORAGE -D_UNICODE -D_WIN64 -IC:/Users/boyko/Documents/ProfitAgent -isystem C:/Qt/6.9.2/mingw_64/include/QtCore -isystem C:/Qt/6.9.2/mingw_64/include -isystem C:/Qt/6.9.2/mingw_64/mkspecs/win32-g++ -isystem C:/Qt/6.9.2/mingw_64/include/QtSql -g -std=gnu++17 -MD -MT CMakeFiles/application_services.dir/application/services/ShiftService.cpp.obj -MF CMakeFiles\application_services.dir\application\services\ShiftService.cpp.obj.d -o CMakeFiles/application_services.dir/application/services/ShiftService.cpp.obj -c C:/Users/boyko/Documents/ProfitAgent/application/services/ShiftService.cpp
[5/67] Building CXX object CMakeFiles/application_services.dir/application/database/Database.cpp.obj
FAILED: CMakeFiles/application_services.dir/application/database/Database.cpp.obj 
C:\Qt\Tools\mingw1310_64\bin\g++.exe -DMINGW_HAS_SECURE_API=1 -DQT_CORE_LIB -DQT_SQL_LIB -DUNICODE -DWIN32 -DWIN64 -D_ENABLE_EXTENDED_ALIGNED_STORAGE -D_UNICODE -D_WIN64 -IC:/Users/boyko/Documents/ProfitAgent -isystem C:/Qt/6.9.2/mingw_64/include/QtCore -isystem C:/Qt/6.9.2/mingw_64/include -isystem C:/Qt/6.9.2/mingw_64/mkspecs/win32-g++ -isystem C:/Qt/6.9.2/mingw_64/include/QtSql -g -std=gnu++17 -MD -MT CMakeFiles/application_services.dir/application/database/Database.cpp.obj -MF CMakeFiles\application_services.dir\application\database\Database.cpp.obj.d -o CMakeFiles/application_services.dir/application/database/Database.cpp.obj -c C:/Users/boyko/Documents/ProfitAgent/application/database/Database.cpp
ninja: build stopped: subcommand failed.
